---
source: tests/bitcan.rs
expression: value3
---
value
