---
source: tests/bitcan.rs
expression: value
---
~
