---
source: tests/bitcan.rs
expression: value2
---
value
