---
source: src/lib.rs
expression: vbuff
---
value
